"17-big.cl", line 25:35, Semantic error: Undefined identifier s
"17-big.cl", line 26:36, Semantic error: New is used with undefined type  A2I
Exception in thread "main" java.lang.NullPointerException
	at cool.AST.ResolutionPassVisitor.visit(ResolutionPassVisitor.java:188)
	at cool.AST.ResolutionPassVisitor.visit(ResolutionPassVisitor.java:1)
	at cool.AST.MethodCall.accept(ASTNode.java:197)
	at cool.AST.ResolutionPassVisitor.visit(ResolutionPassVisitor.java:1046)
	at cool.AST.ResolutionPassVisitor.visit(ResolutionPassVisitor.java:1)
	at cool.AST.CaseVar.accept(ASTNode.java:100)
	at cool.AST.ResolutionPassVisitor.visit(ResolutionPassVisitor.java:419)
	at cool.AST.ResolutionPassVisitor.visit(ResolutionPassVisitor.java:1)
	at cool.AST.Case.accept(ASTNode.java:270)
	at cool.AST.ResolutionPassVisitor.visit(ResolutionPassVisitor.java:1024)
	at cool.AST.ResolutionPassVisitor.visit(ResolutionPassVisitor.java:1)
	at cool.AST.LetVar.accept(ASTNode.java:117)
	at cool.AST.ResolutionPassVisitor.visit(ResolutionPassVisitor.java:403)
	at cool.AST.ResolutionPassVisitor.visit(ResolutionPassVisitor.java:1)
	at cool.AST.LetIn.accept(ASTNode.java:255)
	at cool.AST.ResolutionPassVisitor.visit(ResolutionPassVisitor.java:870)
	at cool.AST.ResolutionPassVisitor.visit(ResolutionPassVisitor.java:1)
	at cool.AST.Method.accept(ASTNode.java:503)
	at cool.AST.ResolutionPassVisitor.visit(ResolutionPassVisitor.java:993)
	at cool.AST.ResolutionPassVisitor.visit(ResolutionPassVisitor.java:1)
	at cool.AST.ClassDef.accept(ASTNode.java:522)
	at cool.AST.ResolutionPassVisitor.visit(ResolutionPassVisitor.java:1071)
	at cool.AST.ResolutionPassVisitor.visit(ResolutionPassVisitor.java:1)
	at cool.AST.Program.accept(ASTNode.java:535)
	at cool.compiler.Compiler.main(Compiler.java:139)
	at cool.tester.Tester1.main(Tester1.java:30)
