class : CLASS
A : TYPE
{ : LCURL
long : ID
: : COLON
String : TYPE
<- : ATRIB
String constant too long : ERROR
; : SEMICOLON
null : ID
: : COLON
String : TYPE
<- : ATRIB
String contains null character : ERROR
; : SEMICOLON
unterminated : ID
: : COLON
String : TYPE
<- : ATRIB
Unterminated string constant : ERROR
; : SEMICOLON
eof : ID
: : COLON
String : TYPE
<- : ATRIB
EOF in string constant : ERROR
<EOF> : EOF
"18-error-string.cl", line 2:22, Lexical error: String constant too long
"18-error-string.cl", line 3:22, Lexical error: String contains null character
"18-error-string.cl", line 4:30, Lexical error: Unterminated string constant
"18-error-string.cl", line 6:21, Lexical error: EOF in string constant
Compilation halted
